Testing all validation functions for consistency

================================================================================

1. validate_syntax()
   Return type: ValidationResult
   Has .valid attribute: True
   result.valid: True
uv : Traceback (most recent call last):
At line:1 char:1
+ uv run python 
benchmark/scripts/test_all_validators.py > 
test_output. ...
+ ~~~~~~~~~~~~~~~~~~~~~~~~~~~~~~~~~~~~~~~~~~~
~~~~~~~~~~~~~~~~~~~~~~~~~~
    + CategoryInfo          : NotSpecified:  
   (Traceback (most recent call last)::Stri  
  ng) [], RemoteException
    + FullyQualifiedErrorId : NativeCommandE 
   rror
 
  File "D:\Sequel2SQL\sequel2sql\benchmark\sc
ripts\test_all_validators.py", line 28, in 
<module>
    print("   \u2705 PASS")
  File "D:\Installs\miniconda\Lib\encodings\c
p1252.py", line 19, in encode
    return codecs.charmap_encode(input,self.e
rrors,encoding_table)[0]
           ^^^^^^^^^^^^^^^^^^^^^^^^^^^^^^^^^^
^^^^^^^^^^^^^^^^^^^^^
UnicodeEncodeError: 'charmap' codec can't 
encode character '\u2705' in position 3: 
character maps to <undefined>
